haxe/ui/locale/LocaleManager.hx:46: DEBUG: System locale detected as: en
Source/org/flashbacks1998/debugger/Debugger.hx:220: 5886	Source/org/flashbacks1998/world3d/shader/ShaderPipeline.hx:44 - Created ShaderPipeline instance
Source/org/flashbacks1998/debugger/Debugger.hx:220: 5892	Source/org/flashbacks1998/scenes/SceneManager.hx:75 - Switching to scene RakeGameMain [object SceneTestSR01]
Source/org/flashbacks1998/debugger/Debugger.hx:220: 5894	Source/org/flashbacks1998/scenes/SceneManager.hx:34 - scene to remove is null
Source/org/flashbacks1998/debugger/Debugger.hx:220: 5895	Source/org/flashbacks1998/rake/scenes/tests/SceneTestSR01.hx:564 - Setting up the rake game thingy i havent named it yet
Source/org/flashbacks1998/debugger/Debugger.hx:220: 5902	Source/org/flashbacks1998/world3d/World3D.hx:115 - Creating new World3D instance
Source/org/flashbacks1998/debugger/Debugger.hx:220: 5903	Source/org/flashbacks1998/world3d/World3D.hx:120 - Backbuffer size: 1200 x 800
Source/org/flashbacks1998/debugger/Debugger.hx:220: 5905	Source/org/flashbacks1998/world3d/engine/hardware/BasicHardwareEngine.hx:69 - Creating new BasicHardwareEngine
Source/org/flashbacks1998/debugger/Debugger.hx:220: 5906	Source/org/flashbacks1998/world3d/engine/hardware/BasicHardwareEngine.hx:74 - Backbuffer size: 1200 x 800
Source/org/flashbacks1998/debugger/Debugger.hx:220: 5916	Source/org/flashbacks1998/world3d/shader/ShaderPipeline.hx:44 - Created ShaderPipeline instance
Source/org/flashbacks1998/debugger/Debugger.hx:220: 5918	Source/org/flashbacks1998/world3d/World3D.hx:150 - add child [object Entity3D]
Source/org/flashbacks1998/debugger/Debugger.hx:220: 5920	Source/org/flashbacks1998/world3d/shader/ShaderPipeline.hx:44 - Created ShaderPipeline instance
Source/org/flashbacks1998/debugger/Debugger.hx:220: 5922	Source/org/flashbacks1998/world3d/World3D.hx:150 - add child [object Entity3D]
Source/org/flashbacks1998/debugger/Debugger.hx:220: 5923	Source/org/flashbacks1998/rake/scenes/tests/SceneTestSR01.hx:260 - Loading Treed.obj...
Source/org/flashbacks1998/debugger/Debugger.hx:220: 5926	Source/org/flashbacks1998/rake/scenes/tests/SceneTestSR01.hx:262 - Treed.obj loaded  24611
Source/org/flashbacks1998/debugger/Debugger.hx:220: 5928	Source/org/flashbacks1998/rake/scenes/tests/SceneTestSR01.hx:264 - ObjParser created for Treed.obj, starting parse
Source/org/flashbacks1998/debugger/Debugger.hx:220: 5929	Source/org/flashbacks1998/rake/scenes/tests/SceneTestSR01.hx:282 - Loading Treed.obj...
Source/org/flashbacks1998/debugger/Debugger.hx:220: 5931	Source/org/flashbacks1998/rake/scenes/tests/SceneTestSR01.hx:284 - Treed.obj loaded  37639
Source/org/flashbacks1998/debugger/Debugger.hx:220: 5931	Source/org/flashbacks1998/rake/scenes/tests/SceneTestSR01.hx:286 - ObjParser created for Treed.obj, starting parse
Source/org/flashbacks1998/debugger/Debugger.hx:220: 5932	Source/org/flashbacks1998/rake/scenes/tests/SceneTestSR01.hx:303 - Loading rake.obj...
Source/org/flashbacks1998/debugger/Debugger.hx:220: 5937	Source/org/flashbacks1998/world3d/shader/ShaderPipeline.hx:44 - Created ShaderPipeline instance
Source/org/flashbacks1998/debugger/Debugger.hx:220: 5938	Source/org/flashbacks1998/world3d/shader/ShaderPipeline.hx:138 - Uploading parts and building AGAL
Source/org/flashbacks1998/debugger/Debugger.hx:220: 5940	Source/org/flashbacks1998/world3d/shader/ShaderPipeline.hx:109 - Building vertex AGAL code from parts, count=2
Source/org/flashbacks1998/debugger/Debugger.hx:220: 5941	Source/org/flashbacks1998/world3d/shader/ShaderPipeline.hx:125 - Final vertex AGAL length=66
Source/org/flashbacks1998/debugger/Debugger.hx:220: 5943	Source/org/flashbacks1998/world3d/shader/ShaderPipeline.hx:81 - Building fragment AGAL code from parts, count=2
Source/org/flashbacks1998/debugger/Debugger.hx:220: 5944	Source/org/flashbacks1998/world3d/shader/ShaderPipeline.hx:88 - processing part: TClass([class TextureShaderPart]) [object TextureShaderPart] 0 0
Source/org/flashbacks1998/debugger/Debugger.hx:220: 5946	Source/org/flashbacks1998/world3d/shader/ShaderPipeline.hx:96 - append part fragment code: TClass([class TextureShaderPart])
Source/org/flashbacks1998/debugger/Debugger.hx:220: 5947	Source/org/flashbacks1998/world3d/shader/ShaderPipeline.hx:88 - processing part: TClass([class ColorIntensifierShaderPart]) [object ColorIntensifierShaderPart] 0 1
Source/org/flashbacks1998/debugger/Debugger.hx:220: 5948	Source/org/flashbacks1998/world3d/shader/ShaderPipeline.hx:96 - append part fragment code: TClass([class ColorIntensifierShaderPart])
Source/org/flashbacks1998/debugger/Debugger.hx:220: 5948	Source/org/flashbacks1998/world3d/shader/ShaderPipeline.hx:104 - Final fragment AGAL length=113
Source/org/flashbacks1998/debugger/Debugger.hx:220: 5950	Source/org/flashbacks1998/world3d/shader/ShaderPipeline.hx:44 - Created ShaderPipeline instance
Source/org/flashbacks1998/debugger/Debugger.hx:220: 5950	Source/org/flashbacks1998/world3d/shader/ShaderPipeline.hx:138 - Uploading parts and building AGAL
Source/org/flashbacks1998/debugger/Debugger.hx:220: 5952	Source/org/flashbacks1998/world3d/shader/ShaderPipeline.hx:109 - Building vertex AGAL code from parts, count=1
Source/org/flashbacks1998/debugger/Debugger.hx:220: 5952	Source/org/flashbacks1998/world3d/shader/ShaderPipeline.hx:125 - Final vertex AGAL length=66
Source/org/flashbacks1998/debugger/Debugger.hx:220: 5953	Source/org/flashbacks1998/world3d/shader/ShaderPipeline.hx:81 - Building fragment AGAL code from parts, count=1
Source/org/flashbacks1998/debugger/Debugger.hx:220: 5954	Source/org/flashbacks1998/world3d/shader/ShaderPipeline.hx:88 - processing part: TClass([class TextureShaderPart]) [object TextureShaderPart] 0 0
Source/org/flashbacks1998/debugger/Debugger.hx:220: 5955	Source/org/flashbacks1998/world3d/shader/ShaderPipeline.hx:96 - append part fragment code: TClass([class TextureShaderPart])
Source/org/flashbacks1998/debugger/Debugger.hx:220: 5955	Source/org/flashbacks1998/world3d/shader/ShaderPipeline.hx:104 - Final fragment AGAL length=83
Source/org/flashbacks1998/debugger/Debugger.hx:220: 5957	Source/org/flashbacks1998/world3d/World3D.hx:150 - add child [object Entity3D]
Source/org/flashbacks1998/debugger/Debugger.hx:220: 5958	Source/org/flashbacks1998/world3d/World3D.hx:150 - add child [object Entity3D]
Source/org/flashbacks1998/debugger/Debugger.hx:220: 5959	Source/org/flashbacks1998/world3d/World3D.hx:150 - add child [object Entity3D]
Source/org/flashbacks1998/debugger/Debugger.hx:220: 5960	Source/org/flashbacks1998/world3d/World3D.hx:150 - add child [object Entity3D]
Source/org/flashbacks1998/debugger/Debugger.hx:220: 5960	Source/org/flashbacks1998/world3d/World3D.hx:150 - add child [object Entity3D]
Source/org/flashbacks1998/debugger/Debugger.hx:220: 5961	Source/org/flashbacks1998/world3d/World3D.hx:150 - add child [object Entity3D]
Source/org/flashbacks1998/debugger/Debugger.hx:220: 5962	Source/org/flashbacks1998/world3d/World3D.hx:150 - add child [object Entity3D]
Source/org/flashbacks1998/debugger/Debugger.hx:220: 5962	Source/org/flashbacks1998/world3d/World3D.hx:150 - add child [object Entity3D]
Source/org/flashbacks1998/debugger/Debugger.hx:220: 5963	Source/org/flashbacks1998/world3d/World3D.hx:150 - add child [object Entity3D]
Source/org/flashbacks1998/debugger/Debugger.hx:220: 5964	Source/org/flashbacks1998/world3d/World3D.hx:150 - add child [object Entity3D]
Source/org/flashbacks1998/debugger/Debugger.hx:220: 5965	Source/org/flashbacks1998/rake/scenes/tests/SceneTestSR01.hx:361 - LeafsSystem initialized + initial leaves spawned
Source/org/flashbacks1998/debugger/Debugger.hx:220: 6064	Source/org/flashbacks1998/newgrounds/Newgrounds.hx:427 - Newgrounds.requestHighScores: Newgrounds not initialized (call Newgrounds.init() first)
Source/org/flashbacks1998/debugger/Debugger.hx:220: 6071	Source/org/flashbacks1998/rake/scenes/tests/SceneTestSR01.hx:168 - initSounds: loading background music and point sounds
Source/org/flashbacks1998/debugger/Debugger.hx:220: 6074	Source/org/flashbacks1998/rake/scenes/tests/SceneTestSR01.hx:191 - initSounds: background music loaded
Source/org/flashbacks1998/debugger/Debugger.hx:220: 6076	Source/org/flashbacks1998/rake/scenes/tests/SceneTestSR01.hx:201 - initSounds: point sound loaded, total so far 1
Source/org/flashbacks1998/debugger/Debugger.hx:220: 6077	Source/org/flashbacks1998/rake/scenes/tests/SceneTestSR01.hx:201 - initSounds: point sound loaded, total so far 2
Source/org/flashbacks1998/debugger/Debugger.hx:220: 6078	Source/org/flashbacks1998/rake/scenes/tests/SceneTestSR01.hx:201 - initSounds: point sound loaded, total so far 3
Source/org/flashbacks1998/debugger/Debugger.hx:220: 6080	Source/org/flashbacks1998/rake/scenes/tests/SceneTestSR01.hx:201 - initSounds: point sound loaded, total so far 4
Source/org/flashbacks1998/debugger/Debugger.hx:220: 6081	Source/org/flashbacks1998/rake/scenes/tests/SceneTestSR01.hx:201 - initSounds: point sound loaded, total so far 5
Source/org/flashbacks1998/debugger/Debugger.hx:220: 6082	Source/org/flashbacks1998/rake/scenes/tests/SceneTestSR01.hx:516 - initNewgrounds: initializing Newgrounds
Source/org/flashbacks1998/debugger/Debugger.hx:220: 6084	Source/org/flashbacks1998/newgrounds/Newgrounds.hx:49 - Newgrounds.init sessionId= null
Source/org/flashbacks1998/debugger/Debugger.hx:220: 6089	Source/org/flashbacks1998/newgrounds/Newgrounds.hx:53 - Newgrounds.init complete (attemptingLogin=false)
Source/org/flashbacks1998/debugger/Debugger.hx:220: 6090	Source/org/flashbacks1998/newgrounds/Newgrounds.hx:97 - Newgrounds.login: not logged in, ask=false ΓåÆ CANCELLED
Source/org/flashbacks1998/debugger/Debugger.hx:220: 6092	Source/org/flashbacks1998/rake/scenes/tests/SceneTestSR01.hx:529 - initNewgrounds: login failed or skipped, outcome= FAIL(CANCELLED(MANUAL))
Source/org/flashbacks1998/debugger/Debugger.hx:220: 6108	Source/org/flashbacks1998/world3d/geom/Mesh3D.hx:79 - uploading... [object Context3D]
Source/org/flashbacks1998/debugger/Debugger.hx:220: 6109	Source/org/flashbacks1998/world3d/geom/Mesh3D.hx:117 - creating vertex buffer... 120 8 15
Source/org/flashbacks1998/debugger/Debugger.hx:220: 6110	Source/org/flashbacks1998/world3d/geom/Mesh3D.hx:148 - creating index buffer... 48
Source/org/flashbacks1998/debugger/Debugger.hx:220: 6111	Source/org/flashbacks1998/world3d/shader/ShaderPipeline.hx:138 - Uploading parts and building AGAL
Source/org/flashbacks1998/debugger/Debugger.hx:220: 6113	Source/org/flashbacks1998/world3d/shader/Shader3D.hx:55 - created and cached new texture
Source/org/flashbacks1998/debugger/Debugger.hx:220: 6114	Source/org/flashbacks1998/world3d/shader/parts/BayerishDitheringShaderPart.hx:173 - BayerishDitheringShaderPart upload null
Source/org/flashbacks1998/debugger/Debugger.hx:220: 6115	Source/org/flashbacks1998/world3d/shader/Shader3D.hx:55 - created and cached new texture
Source/org/flashbacks1998/debugger/Debugger.hx:220: 6116	Source/org/flashbacks1998/world3d/shader/ShaderPipeline.hx:109 - Building vertex AGAL code from parts, count=3
Source/org/flashbacks1998/debugger/Debugger.hx:220: 6117	Source/org/flashbacks1998/world3d/shader/ShaderPipeline.hx:119 - append part vertex code: TClass([class BayerishDitheringShaderPart])
Source/org/flashbacks1998/debugger/Debugger.hx:220: 6117	Source/org/flashbacks1998/world3d/shader/ShaderPipeline.hx:125 - Final vertex AGAL length=78
Source/org/flashbacks1998/debugger/Debugger.hx:220: 6118	Source/org/flashbacks1998/world3d/shader/ShaderPipeline.hx:81 - Building fragment AGAL code from parts, count=3
Source/org/flashbacks1998/debugger/Debugger.hx:220: 6118	Source/org/flashbacks1998/world3d/shader/ShaderPipeline.hx:88 - processing part: TClass([class TextureShaderPart]) [object TextureShaderPart] 0 0
Source/org/flashbacks1998/debugger/Debugger.hx:220: 6119	Source/org/flashbacks1998/world3d/shader/ShaderPipeline.hx:96 - append part fragment code: TClass([class TextureShaderPart])
Source/org/flashbacks1998/debugger/Debugger.hx:220: 6120	Source/org/flashbacks1998/world3d/shader/ShaderPipeline.hx:88 - processing part: TClass([class DiffuseColorShaderPart]) [object DiffuseColorShaderPart] 1 1
Source/org/flashbacks1998/debugger/Debugger.hx:220: 6120	Source/org/flashbacks1998/world3d/shader/ShaderPipeline.hx:96 - append part fragment code: TClass([class DiffuseColorShaderPart])
Source/org/flashbacks1998/debugger/Debugger.hx:220: 6122	Source/org/flashbacks1998/world3d/shader/ShaderPipeline.hx:88 - processing part: TClass([class BayerishDitheringShaderPart]) [object BayerishDitheringShaderPart] 1 1
Source/org/flashbacks1998/debugger/Debugger.hx:220: 6123	Source/org/flashbacks1998/world3d/shader/ShaderPipeline.hx:96 - append part fragment code: TClass([class BayerishDitheringShaderPart])
Source/org/flashbacks1998/debugger/Debugger.hx:220: 6123	Source/org/flashbacks1998/world3d/shader/ShaderPipeline.hx:104 - Final fragment AGAL length=707
Source/org/flashbacks1998/debugger/Debugger.hx:220: 6127	Source/org/flashbacks1998/world3d/shader/Shader3D.hx:81 - Vertex AGAL  m44 vt0, va0, vc0
mov op, vt0
mov v0, va0
mov v1, va1
mov v2, va2
mov v7, vt0

Source/org/flashbacks1998/debugger/Debugger.hx:220: 6134	Source/org/flashbacks1998/world3d/shader/Shader3D.hx:83 - Vertex AGAL assembled (len=78)
Source/org/flashbacks1998/debugger/Debugger.hx:220: 6135	Source/org/flashbacks1998/world3d/shader/Shader3D.hx:93 - Fragment AGAL  tex ft0, v1, fs0 <2d,nearest,repeat>
sub ft1.w, ft0.w, fc0.x
kil ft1.w
mul ft0.xyz, ft0.xyz, v2.xyz
div ft6.xy, v7.xy, v7.ww
mul ft6.xy, ft6.xy, fc3.yy
add ft6.xy, ft6.xy, fc3.yy
mul ft6.xy, ft6.xy, fc1.xy
mov ft6.zw, fc3.ww
tex ft1, ft6, fs1 <2d,nearest,repeat,nomip>
ife fc2.z, fc3.x
mul ft5.xyz, ft0.xyz, fc5.xyz
add ft5.xyz, ft5.xyz, ft1.xxx
frc ft3.xyz, ft5.xyz
sub ft5.xyz, ft5.xyz, ft3.xyz
div ft5.xyz, ft5.xyz, fc5.xyz
mov ft2.xyz, ft5.xyz
mov ft2.w, ft0.w
els
dp3 ft4.x, ft0.xyz, fc4.xyz
mul ft4.x, ft4.x, fc2.y
add ft4.x, ft4.x, ft1.x
frc ft3.x, ft4.x
sub ft4.x, ft4.x, ft3.x
div ft4.x, ft4.x, fc2.y
mov ft2.x, ft4.x
mov ft2.y, ft4.x
mov ft2.z, ft4.x
mov ft2.w, ft0.w
eif
mov ft0, ft2
mov oc, ft0

Source/org/flashbacks1998/debugger/Debugger.hx:220: 6153	Source/org/flashbacks1998/world3d/shader/Shader3D.hx:95 - Fragment AGAL assembled (len=707)
Source/org/flashbacks1998/debugger/Debugger.hx:220: 6154	Source/org/flashbacks1998/world3d/shader/Shader3D.hx:106 - Program uploaded to GPU
Source/org/flashbacks1998/debugger/Debugger.hx:220: 6155	Source/org/flashbacks1998/world3d/geom/Mesh3D.hx:79 - uploading... [object Context3D]
Source/org/flashbacks1998/debugger/Debugger.hx:220: 6156	Source/org/flashbacks1998/world3d/geom/Mesh3D.hx:117 - creating vertex buffer... 32 8 4
Source/org/flashbacks1998/debugger/Debugger.hx:220: 6156	Source/org/flashbacks1998/world3d/geom/Mesh3D.hx:148 - creating index buffer... 6
Source/org/flashbacks1998/debugger/Debugger.hx:220: 6157	Source/org/flashbacks1998/world3d/shader/ShaderPipeline.hx:138 - Uploading parts and building AGAL
Source/org/flashbacks1998/debugger/Debugger.hx:220: 6159	Source/org/flashbacks1998/world3d/shader/Shader3D.hx:55 - created and cached new texture
Source/org/flashbacks1998/debugger/Debugger.hx:220: 6160	Source/org/flashbacks1998/world3d/shader/ShaderPipeline.hx:109 - Building vertex AGAL code from parts, count=1
Source/org/flashbacks1998/debugger/Debugger.hx:220: 6160	Source/org/flashbacks1998/world3d/shader/ShaderPipeline.hx:125 - Final vertex AGAL length=66
Source/org/flashbacks1998/debugger/Debugger.hx:220: 6162	Source/org/flashbacks1998/world3d/shader/ShaderPipeline.hx:81 - Building fragment AGAL code from parts, count=1
Source/org/flashbacks1998/debugger/Debugger.hx:220: 6162	Source/org/flashbacks1998/world3d/shader/ShaderPipeline.hx:88 - processing part: TClass([class TextureShaderPart]) [object TextureShaderPart] 0 0
Source/org/flashbacks1998/debugger/Debugger.hx:220: 6163	Source/org/flashbacks1998/world3d/shader/ShaderPipeline.hx:96 - append part fragment code: TClass([class TextureShaderPart])
Source/org/flashbacks1998/debugger/Debugger.hx:220: 6164	Source/org/flashbacks1998/world3d/shader/ShaderPipeline.hx:104 - Final fragment AGAL length=83
Source/org/flashbacks1998/debugger/Debugger.hx:220: 6165	Source/org/flashbacks1998/world3d/shader/Shader3D.hx:81 - Vertex AGAL  m44 vt0, va0, vc0
mov op, vt0
mov v0, va0
mov v1, va1
mov v2, va2

Source/org/flashbacks1998/debugger/Debugger.hx:220: 6168	Source/org/flashbacks1998/world3d/shader/Shader3D.hx:83 - Vertex AGAL assembled (len=66)
Source/org/flashbacks1998/debugger/Debugger.hx:220: 6169	Source/org/flashbacks1998/world3d/shader/Shader3D.hx:93 - Fragment AGAL  tex ft0, v1, fs0 <2d,nearest,repeat>
sub ft1.w, ft0.w, fc0.x
kil ft1.w
mov oc, ft0

Source/org/flashbacks1998/debugger/Debugger.hx:220: 6172	Source/org/flashbacks1998/world3d/shader/Shader3D.hx:95 - Fragment AGAL assembled (len=83)
Source/org/flashbacks1998/debugger/Debugger.hx:220: 6173	Source/org/flashbacks1998/world3d/shader/Shader3D.hx:106 - Program uploaded to GPU
Source/org/flashbacks1998/debugger/Debugger.hx:220: 6174	Source/org/flashbacks1998/world3d/geom/Mesh3D.hx:79 - uploading... [object Context3D]
Source/org/flashbacks1998/debugger/Debugger.hx:220: 6174	Source/org/flashbacks1998/world3d/geom/Mesh3D.hx:109 - Info: found cached vertex buffer for this context; reusing.
Source/org/flashbacks1998/debugger/Debugger.hx:220: 6175	Source/org/flashbacks1998/world3d/geom/Mesh3D.hx:142 - Info: found cached index buffer for this context; reusing.
Source/org/flashbacks1998/debugger/Debugger.hx:220: 6176	Source/org/flashbacks1998/world3d/shader/ShaderPipeline.hx:138 - Uploading parts and building AGAL
Source/org/flashbacks1998/debugger/Debugger.hx:220: 6177	Source/org/flashbacks1998/world3d/shader/Shader3D.hx:55 - created and cached new texture
Source/org/flashbacks1998/debugger/Debugger.hx:220: 6177	Source/org/flashbacks1998/world3d/shader/ShaderPipeline.hx:109 - Building vertex AGAL code from parts, count=1
Source/org/flashbacks1998/debugger/Debugger.hx:220: 6178	Source/org/flashbacks1998/world3d/shader/ShaderPipeline.hx:125 - Final vertex AGAL length=66
Source/org/flashbacks1998/debugger/Debugger.hx:220: 6178	Source/org/flashbacks1998/world3d/shader/ShaderPipeline.hx:81 - Building fragment AGAL code from parts, count=1
Source/org/flashbacks1998/debugger/Debugger.hx:220: 6179	Source/org/flashbacks1998/world3d/shader/ShaderPipeline.hx:88 - processing part: TClass([class TextureShaderPart]) [object TextureShaderPart] 0 0
Source/org/flashbacks1998/debugger/Debugger.hx:220: 6180	Source/org/flashbacks1998/world3d/shader/ShaderPipeline.hx:96 - append part fragment code: TClass([class TextureShaderPart])
Source/org/flashbacks1998/debugger/Debugger.hx:220: 6180	Source/org/flashbacks1998/world3d/shader/ShaderPipeline.hx:104 - Final fragment AGAL length=83
Source/org/flashbacks1998/debugger/Debugger.hx:220: 6181	Source/org/flashbacks1998/world3d/shader/Shader3D.hx:73 - returning cached program
Source/org/flashbacks1998/debugger/Debugger.hx:220: 6181	Source/org/flashbacks1998/world3d/geom/Mesh3D.hx:79 - uploading... [object Context3D]
Source/org/flashbacks1998/debugger/Debugger.hx:220: 6182	Source/org/flashbacks1998/world3d/geom/Mesh3D.hx:95 - Info: this Mesh3D already has a vertexBuffer assigned; skipping creation.
Source/org/flashbacks1998/debugger/Debugger.hx:220: 6183	Source/org/flashbacks1998/world3d/geom/Mesh3D.hx:98 - Info: this Mesh3D already has an indexBuffer assigned; skipping creation.
Source/org/flashbacks1998/debugger/Debugger.hx:220: 6183	Source/org/flashbacks1998/world3d/geom/Mesh3D.hx:79 - uploading... [object Context3D]
Source/org/flashbacks1998/debugger/Debugger.hx:220: 6184	Source/org/flashbacks1998/world3d/geom/Mesh3D.hx:95 - Info: this Mesh3D already has a vertexBuffer assigned; skipping creation.
Source/org/flashbacks1998/debugger/Debugger.hx:220: 6184	Source/org/flashbacks1998/world3d/geom/Mesh3D.hx:98 - Info: this Mesh3D already has an indexBuffer assigned; skipping creation.
Source/org/flashbacks1998/debugger/Debugger.hx:220: 6185	Source/org/flashbacks1998/world3d/geom/Mesh3D.hx:79 - uploading... [object Context3D]
Source/org/flashbacks1998/debugger/Debugger.hx:220: 6186	Source/org/flashbacks1998/world3d/geom/Mesh3D.hx:95 - Info: this Mesh3D already has a vertexBuffer assigned; skipping creation.
Source/org/flashbacks1998/debugger/Debugger.hx:220: 6186	Source/org/flashbacks1998/world3d/geom/Mesh3D.hx:98 - Info: this Mesh3D already has an indexBuffer assigned; skipping creation.
Source/org/flashbacks1998/debugger/Debugger.hx:220: 6187	Source/org/flashbacks1998/world3d/geom/Mesh3D.hx:79 - uploading... [object Context3D]
Source/org/flashbacks1998/debugger/Debugger.hx:220: 6188	Source/org/flashbacks1998/world3d/geom/Mesh3D.hx:95 - Info: this Mesh3D already has a vertexBuffer assigned; skipping creation.
Source/org/flashbacks1998/debugger/Debugger.hx:220: 6188	Source/org/flashbacks1998/world3d/geom/Mesh3D.hx:98 - Info: this Mesh3D already has an indexBuffer assigned; skipping creation.
Source/org/flashbacks1998/debugger/Debugger.hx:220: 6189	Source/org/flashbacks1998/world3d/geom/Mesh3D.hx:79 - uploading... [object Context3D]
Source/org/flashbacks1998/debugger/Debugger.hx:220: 6191	Source/org/flashbacks1998/world3d/geom/Mesh3D.hx:95 - Info: this Mesh3D already has a vertexBuffer assigned; skipping creation.
Source/org/flashbacks1998/debugger/Debugger.hx:220: 6191	Source/org/flashbacks1998/world3d/geom/Mesh3D.hx:98 - Info: this Mesh3D already has an indexBuffer assigned; skipping creation.
Source/org/flashbacks1998/debugger/Debugger.hx:220: 6191	Source/org/flashbacks1998/world3d/geom/Mesh3D.hx:79 - uploading... [object Context3D]
Source/org/flashbacks1998/debugger/Debugger.hx:220: 6193	Source/org/flashbacks1998/world3d/geom/Mesh3D.hx:95 - Info: this Mesh3D already has a vertexBuffer assigned; skipping creation.
Source/org/flashbacks1998/debugger/Debugger.hx:220: 6194	Source/org/flashbacks1998/world3d/geom/Mesh3D.hx:98 - Info: this Mesh3D already has an indexBuffer assigned; skipping creation.
Source/org/flashbacks1998/debugger/Debugger.hx:220: 6195	Source/org/flashbacks1998/world3d/geom/Mesh3D.hx:79 - uploading... [object Context3D]
Source/org/flashbacks1998/debugger/Debugger.hx:220: 6196	Source/org/flashbacks1998/world3d/geom/Mesh3D.hx:95 - Info: this Mesh3D already has a vertexBuffer assigned; skipping creation.
Source/org/flashbacks1998/debugger/Debugger.hx:220: 6197	Source/org/flashbacks1998/world3d/geom/Mesh3D.hx:98 - Info: this Mesh3D already has an indexBuffer assigned; skipping creation.
Source/org/flashbacks1998/debugger/Debugger.hx:220: 6197	Source/org/flashbacks1998/world3d/geom/Mesh3D.hx:79 - uploading... [object Context3D]
Source/org/flashbacks1998/debugger/Debugger.hx:220: 6198	Source/org/flashbacks1998/world3d/geom/Mesh3D.hx:95 - Info: this Mesh3D already has a vertexBuffer assigned; skipping creation.
Source/org/flashbacks1998/debugger/Debugger.hx:220: 6199	Source/org/flashbacks1998/world3d/geom/Mesh3D.hx:98 - Info: this Mesh3D already has an indexBuffer assigned; skipping creation.
Source/org/flashbacks1998/debugger/Debugger.hx:220: 6199	Source/org/flashbacks1998/world3d/geom/Mesh3D.hx:79 - uploading... [object Context3D]
Source/org/flashbacks1998/debugger/Debugger.hx:220: 6200	Source/org/flashbacks1998/world3d/geom/Mesh3D.hx:95 - Info: this Mesh3D already has a vertexBuffer assigned; skipping creation.
Source/org/flashbacks1998/debugger/Debugger.hx:220: 6201	Source/org/flashbacks1998/world3d/geom/Mesh3D.hx:98 - Info: this Mesh3D already has an indexBuffer assigned; skipping creation.
Source/org/flashbacks1998/debugger/Debugger.hx:220: 6202	Source/org/flashbacks1998/world3d/postprocessing/PostProcessing.hx:51 - Uploading pipeline [object PostProcessingMesh3D] 2 [[object TextureShaderPart],[object DownscaleShaderPart]]
Source/org/flashbacks1998/debugger/Debugger.hx:220: 6203	Source/org/flashbacks1998/world3d/geom/Mesh3D.hx:79 - uploading... [object Context3D]
Source/org/flashbacks1998/debugger/Debugger.hx:220: 6203	Source/org/flashbacks1998/world3d/geom/Mesh3D.hx:117 - creating vertex buffer... 32 8 4
Source/org/flashbacks1998/debugger/Debugger.hx:220: 6204	Source/org/flashbacks1998/world3d/geom/Mesh3D.hx:148 - creating index buffer... 6
Source/org/flashbacks1998/debugger/Debugger.hx:220: 6205	Source/org/flashbacks1998/world3d/shader/ShaderPipeline.hx:138 - Uploading parts and building AGAL
Source/org/flashbacks1998/debugger/Debugger.hx:220: 6206	Source/org/flashbacks1998/world3d/shader/Shader3D.hx:55 - created and cached new texture
Source/org/flashbacks1998/debugger/Debugger.hx:220: 6207	Source/org/flashbacks1998/world3d/shader/ShaderPipeline.hx:109 - Building vertex AGAL code from parts, count=2
Source/org/flashbacks1998/debugger/Debugger.hx:220: 6208	Source/org/flashbacks1998/world3d/shader/ShaderPipeline.hx:125 - Final vertex AGAL length=61
Source/org/flashbacks1998/debugger/Debugger.hx:220: 6208	Source/org/flashbacks1998/world3d/shader/ShaderPipeline.hx:81 - Building fragment AGAL code from parts, count=2
Source/org/flashbacks1998/debugger/Debugger.hx:220: 6209	Source/org/flashbacks1998/world3d/shader/ShaderPipeline.hx:88 - processing part: TClass([class TextureShaderPart]) [object TextureShaderPart] 0 0
Source/org/flashbacks1998/debugger/Debugger.hx:220: 6210	Source/org/flashbacks1998/world3d/shader/ShaderPipeline.hx:96 - append part fragment code: TClass([class TextureShaderPart])
Source/org/flashbacks1998/debugger/Debugger.hx:220: 6210	Source/org/flashbacks1998/world3d/shader/ShaderPipeline.hx:88 - processing part: TClass([class DownscaleShaderPart]) [object DownscaleShaderPart] 1 1
Source/org/flashbacks1998/debugger/Debugger.hx:220: 6212	Source/org/flashbacks1998/world3d/shader/ShaderPipeline.hx:104 - Final fragment AGAL length=82
Source/org/flashbacks1998/debugger/Debugger.hx:220: 6213	Source/org/flashbacks1998/world3d/shader/Shader3D.hx:81 - Vertex AGAL  mov op, va0
mov vt0, va0
mov v0, va0
mov v1, va1
mov v2, va2

Source/org/flashbacks1998/debugger/Debugger.hx:220: 6217	Source/org/flashbacks1998/world3d/shader/Shader3D.hx:83 - Vertex AGAL assembled (len=61)
Source/org/flashbacks1998/debugger/Debugger.hx:220: 6218	Source/org/flashbacks1998/world3d/shader/Shader3D.hx:93 - Fragment AGAL  tex ft0, v1, fs0 <2d,nearest,clamp>
sub ft1.w, ft0.w, fc0.x
kil ft1.w
mov oc, ft0

Source/org/flashbacks1998/debugger/Debugger.hx:220: 6222	Source/org/flashbacks1998/world3d/shader/Shader3D.hx:95 - Fragment AGAL assembled (len=82)
Source/org/flashbacks1998/debugger/Debugger.hx:220: 6222	Source/org/flashbacks1998/world3d/shader/Shader3D.hx:106 - Program uploaded to GPU
Source/org/flashbacks1998/debugger/Debugger.hx:220: 6223	Source/org/flashbacks1998/world3d/shader/ShaderPipeline.hx:138 - Uploading parts and building AGAL
Source/org/flashbacks1998/debugger/Debugger.hx:220: 6223	Source/org/flashbacks1998/world3d/shader/Shader3D.hx:41 - returning cached texture
Source/org/flashbacks1998/debugger/Debugger.hx:220: 6224	Source/org/flashbacks1998/world3d/shader/ShaderPipeline.hx:109 - Building vertex AGAL code from parts, count=2
Source/org/flashbacks1998/debugger/Debugger.hx:220: 6225	Source/org/flashbacks1998/world3d/shader/ShaderPipeline.hx:125 - Final vertex AGAL length=66
Source/org/flashbacks1998/debugger/Debugger.hx:220: 6226	Source/org/flashbacks1998/world3d/shader/ShaderPipeline.hx:81 - Building fragment AGAL code from parts, count=2
Source/org/flashbacks1998/debugger/Debugger.hx:220: 6227	Source/org/flashbacks1998/world3d/shader/ShaderPipeline.hx:88 - processing part: TClass([class TextureShaderPart]) [object TextureShaderPart] 0 0
Source/org/flashbacks1998/debugger/Debugger.hx:220: 6227	Source/org/flashbacks1998/world3d/shader/ShaderPipeline.hx:96 - append part fragment code: TClass([class TextureShaderPart])
Source/org/flashbacks1998/debugger/Debugger.hx:220: 6228	Source/org/flashbacks1998/world3d/shader/ShaderPipeline.hx:88 - processing part: TClass([class ColorIntensifierShaderPart]) [object ColorIntensifierShaderPart] 1 1
Source/org/flashbacks1998/debugger/Debugger.hx:220: 6229	Source/org/flashbacks1998/world3d/shader/ShaderPipeline.hx:96 - append part fragment code: TClass([class ColorIntensifierShaderPart])
Source/org/flashbacks1998/debugger/Debugger.hx:220: 6230	Source/org/flashbacks1998/world3d/shader/ShaderPipeline.hx:104 - Final fragment AGAL length=113
Source/org/flashbacks1998/debugger/Debugger.hx:220: 6232	Source/org/flashbacks1998/world3d/shader/Shader3D.hx:81 - Vertex AGAL  m44 vt0, va0, vc0
mov op, vt0
mov v0, va0
mov v1, va1
mov v2, va2

Source/org/flashbacks1998/debugger/Debugger.hx:220: 6236	Source/org/flashbacks1998/world3d/shader/Shader3D.hx:83 - Vertex AGAL assembled (len=66)
Source/org/flashbacks1998/debugger/Debugger.hx:220: 6236	Source/org/flashbacks1998/world3d/shader/Shader3D.hx:93 - Fragment AGAL  tex ft0, v1, fs0 <2d,nearest,repeat>
sub ft1.w, ft0.w, fc0.x
kil ft1.w
mul ft0.xyz, ft0.xyz, fc1.xyz
mov oc, ft0

Source/org/flashbacks1998/debugger/Debugger.hx:220: 6240	Source/org/flashbacks1998/world3d/shader/Shader3D.hx:95 - Fragment AGAL assembled (len=113)
Source/org/flashbacks1998/debugger/Debugger.hx:220: 6241	Source/org/flashbacks1998/world3d/shader/Shader3D.hx:106 - Program uploaded to GPU
Source/org/flashbacks1998/debugger/Debugger.hx:220: 6260	Source/org/flashbacks1998/world3d/parsers/ObjParser.hx:160 - ObjParser: new entity started: obj1
Source/org/flashbacks1998/debugger/Debugger.hx:220: 6261	Source/org/flashbacks1998/world3d/shader/ShaderPipeline.hx:44 - Created ShaderPipeline instance
Source/org/flashbacks1998/debugger/Debugger.hx:220: 6262	Source/org/flashbacks1998/world3d/parsers/ObjParser.hx:237 - New mesh for material: mat0 hasTexture: false
Source/org/flashbacks1998/debugger/Debugger.hx:220: 6263	Source/org/flashbacks1998/world3d/parsers/ObjParser.hx:463 - Getting bmpd Tr_01_Stem_autumn_001_mat_Base_color.gif
Source/org/flashbacks1998/debugger/Debugger.hx:220: 6265	Source/org/flashbacks1998/world3d/parsers/ObjParser.hx:465 - Get bmpd Tr_01_Stem_autumn_001_mat_Base_color.gif [object __ASSET__assets_textures_tr_01_stem_autumn_001_mat_base_color_gif]
Source/org/flashbacks1998/debugger/Debugger.hx:220: 6266	Source/org/flashbacks1998/world3d/parsers/ObjParser.hx:463 - Getting bmpd treeleaves.jpg
Source/org/flashbacks1998/debugger/Debugger.hx:220: 6266	Source/org/flashbacks1998/world3d/parsers/ObjParser.hx:465 - Get bmpd treeleaves.jpg [object __ASSET__assets_textures_treeleaves_jpg]
Source/org/flashbacks1998/debugger/Debugger.hx:220: 6267	Source/org/flashbacks1998/world3d/parsers/ObjParser.hx:160 - ObjParser: new entity started: Cylinder
Source/org/flashbacks1998/debugger/Debugger.hx:220: 6269	Source/org/flashbacks1998/world3d/parsers/ObjParser.hx:160 - ObjParser: new entity started: obj10
Source/org/flashbacks1998/debugger/Debugger.hx:220: 6270	Source/org/flashbacks1998/world3d/shader/ShaderPipeline.hx:44 - Created ShaderPipeline instance
Source/org/flashbacks1998/debugger/Debugger.hx:220: 6270	Source/org/flashbacks1998/world3d/parsers/ObjParser.hx:237 - New mesh for material: mat1 hasTexture: false
Source/org/flashbacks1998/debugger/Debugger.hx:220: 6270	Source/org/flashbacks1998/world3d/parsers/ObjParser.hx:160 - ObjParser: new entity started: obj11
Source/org/flashbacks1998/debugger/Debugger.hx:220: 6272	Source/org/flashbacks1998/world3d/shader/ShaderPipeline.hx:44 - Created ShaderPipeline instance
Source/org/flashbacks1998/debugger/Debugger.hx:220: 6272	Source/org/flashbacks1998/world3d/parsers/ObjParser.hx:237 - New mesh for material: mat1 hasTexture: false
Source/org/flashbacks1998/debugger/Debugger.hx:220: 6273	Source/org/flashbacks1998/world3d/parsers/ObjParser.hx:160 - ObjParser: new entity started: obj12
Source/org/flashbacks1998/debugger/Debugger.hx:220: 6274	Source/org/flashbacks1998/world3d/shader/ShaderPipeline.hx:44 - Created ShaderPipeline instance
Source/org/flashbacks1998/debugger/Debugger.hx:220: 6274	Source/org/flashbacks1998/world3d/parsers/ObjParser.hx:237 - New mesh for material: mat1 hasTexture: false
Source/org/flashbacks1998/debugger/Debugger.hx:220: 6275	Source/org/flashbacks1998/world3d/parsers/ObjParser.hx:160 - ObjParser: new entity started: obj13
Source/org/flashbacks1998/debugger/Debugger.hx:220: 6276	Source/org/flashbacks1998/world3d/shader/ShaderPipeline.hx:44 - Created ShaderPipeline instance
Source/org/flashbacks1998/debugger/Debugger.hx:220: 6276	Source/org/flashbacks1998/world3d/parsers/ObjParser.hx:237 - New mesh for material: mat1 hasTexture: false
Source/org/flashbacks1998/debugger/Debugger.hx:220: 6278	Source/org/flashbacks1998/world3d/shader/ShaderPipeline.hx:44 - Created ShaderPipeline instance
Source/org/flashbacks1998/debugger/Debugger.hx:220: 6278	Source/org/flashbacks1998/world3d/parsers/ObjParser.hx:237 - New mesh for material: Material.001 hasTexture: true
Source/org/flashbacks1998/debugger/Debugger.hx:220: 6280	Source/org/flashbacks1998/world3d/parsers/ObjParser.hx:160 - ObjParser: new entity started: obj14
Source/org/flashbacks1998/debugger/Debugger.hx:220: 6280	Source/org/flashbacks1998/world3d/shader/ShaderPipeline.hx:44 - Created ShaderPipeline instance
Source/org/flashbacks1998/debugger/Debugger.hx:220: 6282	Source/org/flashbacks1998/world3d/parsers/ObjParser.hx:237 - New mesh for material: mat1 hasTexture: false
Source/org/flashbacks1998/debugger/Debugger.hx:220: 6283	Source/org/flashbacks1998/world3d/parsers/ObjParser.hx:160 - ObjParser: new entity started: obj15
Source/org/flashbacks1998/debugger/Debugger.hx:220: 6283	Source/org/flashbacks1998/world3d/shader/ShaderPipeline.hx:44 - Created ShaderPipeline instance
Source/org/flashbacks1998/debugger/Debugger.hx:220: 6284	Source/org/flashbacks1998/world3d/parsers/ObjParser.hx:237 - New mesh for material: mat1 hasTexture: false
Source/org/flashbacks1998/debugger/Debugger.hx:220: 6285	Source/org/flashbacks1998/world3d/parsers/ObjParser.hx:160 - ObjParser: new entity started: obj16
Source/org/flashbacks1998/debugger/Debugger.hx:220: 6304	Source/org/flashbacks1998/rake/scenes/tests/SceneTestSR01.hx:474 - Tutorial library loaded, instantiating movie clips
Source/org/flashbacks1998/debugger/Debugger.hx:220: 6306	Source/org/flashbacks1998/rake/scenes/tests/SceneTestSR01.hx:478 - mcTutorialButtons loaded and added to tutorialContainer
Source/org/flashbacks1998/debugger/Debugger.hx:220: 6307	Source/org/flashbacks1998/rake/scenes/tests/SceneTestSR01.hx:485 - mcTutorialMouse loaded and added to tutorialContainer
Source/org/flashbacks1998/debugger/Debugger.hx:220: 6308	Source/org/flashbacks1998/rake/scenes/tests/SceneTestSR01.hx:492 - mcTutorialZoom loaded and added to tutorialContainer
Source/org/flashbacks1998/debugger/Debugger.hx:220: 6345	Source/org/flashbacks1998/world3d/shader/ShaderPipeline.hx:44 - Created ShaderPipeline instance
Source/org/flashbacks1998/debugger/Debugger.hx:220: 6346	Source/org/flashbacks1998/world3d/parsers/ObjParser.hx:237 - New mesh for material: mat2 hasTexture: false
Source/org/flashbacks1998/debugger/Debugger.hx:220: 6347	Source/org/flashbacks1998/world3d/parsers/ObjParser.hx:160 - ObjParser: new entity started: obj2
Source/org/flashbacks1998/debugger/Debugger.hx:220: 6348	Source/org/flashbacks1998/world3d/shader/ShaderPipeline.hx:44 - Created ShaderPipeline instance
Source/org/flashbacks1998/debugger/Debugger.hx:220: 6348	Source/org/flashbacks1998/world3d/parsers/ObjParser.hx:237 - New mesh for material: mat1 hasTexture: false
Source/org/flashbacks1998/debugger/Debugger.hx:220: 6349	Source/org/flashbacks1998/world3d/parsers/ObjParser.hx:160 - ObjParser: new entity started: obj3
Source/org/flashbacks1998/debugger/Debugger.hx:220: 6350	Source/org/flashbacks1998/world3d/shader/ShaderPipeline.hx:44 - Created ShaderPipeline instance
Source/org/flashbacks1998/debugger/Debugger.hx:220: 6351	Source/org/flashbacks1998/world3d/parsers/ObjParser.hx:237 - New mesh for material: mat1 hasTexture: false
Source/org/flashbacks1998/debugger/Debugger.hx:220: 6352	Source/org/flashbacks1998/world3d/parsers/ObjParser.hx:160 - ObjParser: new entity started: Cylinder.001
Source/org/flashbacks1998/debugger/Debugger.hx:220: 6354	Source/org/flashbacks1998/world3d/parsers/ObjParser.hx:160 - ObjParser: new entity started: obj4
Source/org/flashbacks1998/debugger/Debugger.hx:220: 6354	Source/org/flashbacks1998/world3d/shader/ShaderPipeline.hx:44 - Created ShaderPipeline instance
Source/org/flashbacks1998/debugger/Debugger.hx:220: 6355	Source/org/flashbacks1998/world3d/parsers/ObjParser.hx:237 - New mesh for material: mat1 hasTexture: false
Source/org/flashbacks1998/debugger/Debugger.hx:220: 6356	Source/org/flashbacks1998/world3d/parsers/ObjParser.hx:160 - ObjParser: new entity started: obj5
Source/org/flashbacks1998/debugger/Debugger.hx:220: 6356	Source/org/flashbacks1998/world3d/shader/ShaderPipeline.hx:44 - Created ShaderPipeline instance
Source/org/flashbacks1998/debugger/Debugger.hx:220: 6357	Source/org/flashbacks1998/world3d/parsers/ObjParser.hx:237 - New mesh for material: mat1 hasTexture: false
Source/org/flashbacks1998/debugger/Debugger.hx:220: 6358	Source/org/flashbacks1998/world3d/parsers/ObjParser.hx:160 - ObjParser: new entity started: obj6
Source/org/flashbacks1998/debugger/Debugger.hx:220: 6358	Source/org/flashbacks1998/world3d/shader/ShaderPipeline.hx:44 - Created ShaderPipeline instance
Source/org/flashbacks1998/debugger/Debugger.hx:220: 6359	Source/org/flashbacks1998/world3d/parsers/ObjParser.hx:237 - New mesh for material: mat1 hasTexture: false
Source/org/flashbacks1998/debugger/Debugger.hx:220: 6360	Source/org/flashbacks1998/world3d/parsers/ObjParser.hx:160 - ObjParser: new entity started: obj7
Source/org/flashbacks1998/debugger/Debugger.hx:220: 6360	Source/org/flashbacks1998/world3d/shader/ShaderPipeline.hx:44 - Created ShaderPipeline instance
Source/org/flashbacks1998/debugger/Debugger.hx:220: 6361	Source/org/flashbacks1998/world3d/parsers/ObjParser.hx:237 - New mesh for material: mat1 hasTexture: false
Source/org/flashbacks1998/debugger/Debugger.hx:220: 6362	Source/org/flashbacks1998/world3d/parsers/ObjParser.hx:160 - ObjParser: new entity started: obj8
Source/org/flashbacks1998/debugger/Debugger.hx:220: 6363	Source/org/flashbacks1998/world3d/shader/ShaderPipeline.hx:44 - Created ShaderPipeline instance
Source/org/flashbacks1998/debugger/Debugger.hx:220: 6364	Source/org/flashbacks1998/world3d/parsers/ObjParser.hx:237 - New mesh for material: Material.002 hasTexture: true
Source/org/flashbacks1998/debugger/Debugger.hx:220: 6366	Source/org/flashbacks1998/world3d/shader/ShaderPipeline.hx:44 - Created ShaderPipeline instance
Source/org/flashbacks1998/debugger/Debugger.hx:220: 6367	Source/org/flashbacks1998/world3d/parsers/ObjParser.hx:237 - New mesh for material: mat1 hasTexture: false
Source/org/flashbacks1998/debugger/Debugger.hx:220: 6368	Source/org/flashbacks1998/world3d/parsers/ObjParser.hx:160 - ObjParser: new entity started: obj9
Source/org/flashbacks1998/debugger/Debugger.hx:220: 6368	Source/org/flashbacks1998/world3d/shader/ShaderPipeline.hx:44 - Created ShaderPipeline instance
Source/org/flashbacks1998/debugger/Debugger.hx:220: 6369	Source/org/flashbacks1998/world3d/parsers/ObjParser.hx:237 - New mesh for material: mat1 hasTexture: false
Source/org/flashbacks1998/debugger/Debugger.hx:220: 6375	Source/org/flashbacks1998/world3d/optimizers/TextureOptimizer.hx:42 - bmpd to opt 4 4 [object BitmapData]
Source/org/flashbacks1998/debugger/Debugger.hx:220: 6376	Source/org/flashbacks1998/world3d/optimizers/TextureOptimizer.hx:42 - bmpd to opt 4 4 [object BitmapData]
Source/org/flashbacks1998/debugger/Debugger.hx:220: 6376	Source/org/flashbacks1998/world3d/optimizers/TextureOptimizer.hx:42 - bmpd to opt 4 4 [object BitmapData]
Source/org/flashbacks1998/debugger/Debugger.hx:220: 6377	Source/org/flashbacks1998/world3d/optimizers/TextureOptimizer.hx:42 - bmpd to opt 4 4 [object BitmapData]
Source/org/flashbacks1998/debugger/Debugger.hx:220: 6378	Source/org/flashbacks1998/world3d/optimizers/TextureOptimizer.hx:42 - bmpd to opt 4 4 [object BitmapData]
Source/org/flashbacks1998/debugger/Debugger.hx:220: 6378	Source/org/flashbacks1998/world3d/optimizers/TextureOptimizer.hx:42 - bmpd to opt 4 4 [object BitmapData]
Source/org/flashbacks1998/debugger/Debugger.hx:220: 6379	Source/org/flashbacks1998/world3d/optimizers/TextureOptimizer.hx:42 - bmpd to opt 4 4 [object BitmapData]
Source/org/flashbacks1998/debugger/Debugger.hx:220: 6380	Source/org/flashbacks1998/world3d/optimizers/TextureOptimizer.hx:42 - bmpd to opt 4 4 [object BitmapData]
Source/org/flashbacks1998/debugger/Debugger.hx:220: 6380	Source/org/flashbacks1998/world3d/optimizers/TextureOptimizer.hx:42 - bmpd to opt 4 4 [object BitmapData]
Source/org/flashbacks1998/debugger/Debugger.hx:220: 6381	Source/org/flashbacks1998/world3d/optimizers/TextureOptimizer.hx:42 - bmpd to opt 4 4 [object BitmapData]
Source/org/flashbacks1998/debugger/Debugger.hx:220: 6381	Source/org/flashbacks1998/world3d/optimizers/TextureOptimizer.hx:42 - bmpd to opt 4 4 [object BitmapData]
Source/org/flashbacks1998/debugger/Debugger.hx:220: 6383	Source/org/flashbacks1998/world3d/optimizers/TextureOptimizer.hx:42 - bmpd to opt 4 4 [object BitmapData]
Source/org/flashbacks1998/debugger/Debugger.hx:220: 6384	Source/org/flashbacks1998/world3d/optimizers/TextureOptimizer.hx:42 - bmpd to opt 4 4 [object BitmapData]
Source/org/flashbacks1998/debugger/Debugger.hx:220: 6385	Source/org/flashbacks1998/world3d/optimizers/TextureOptimizer.hx:42 - bmpd to opt 4 4 [object BitmapData]
Source/org/flashbacks1998/debugger/Debugger.hx:220: 6385	Source/org/flashbacks1998/world3d/optimizers/TextureOptimizer.hx:42 - bmpd to opt 4 4 [object BitmapData]
Source/org/flashbacks1998/debugger/Debugger.hx:220: 6386	Source/org/flashbacks1998/world3d/optimizers/TextureOptimizer.hx:42 - bmpd to opt 4 4 [object BitmapData]
Source/org/flashbacks1998/debugger/Debugger.hx:220: 6388	Source/org/flashbacks1998/world3d/optimizers/TextureOptimizer.hx:122 - bmpd ret { height : 16, entries : [object ObjectMap], width : 16, bitmapData : [object BitmapData] }
Source/org/flashbacks1998/debugger/Debugger.hx:220: 6388	Source/org/flashbacks1998/world3d/shader/ShaderPipeline.hx:44 - Created ShaderPipeline instance
Source/org/flashbacks1998/debugger/Debugger.hx:220: 6391	Source/org/flashbacks1998/world3d/World3D.hx:150 - add child [object Entity3D]
Source/org/flashbacks1998/debugger/Debugger.hx:220: 6391	Source/org/flashbacks1998/world3d/geom/Mesh3D.hx:79 - uploading... [object Context3D]
Source/org/flashbacks1998/debugger/Debugger.hx:220: 6392	Source/org/flashbacks1998/world3d/geom/Mesh3D.hx:117 - creating vertex buffer... 4004 11 364
Source/org/flashbacks1998/debugger/Debugger.hx:220: 6392	Source/org/flashbacks1998/world3d/geom/Mesh3D.hx:148 - creating index buffer... 984
Source/org/flashbacks1998/debugger/Debugger.hx:220: 6393	Source/org/flashbacks1998/world3d/shader/ShaderPipeline.hx:138 - Uploading parts and building AGAL
Source/org/flashbacks1998/debugger/Debugger.hx:220: 6394	Source/org/flashbacks1998/world3d/shader/Shader3D.hx:55 - created and cached new texture
Source/org/flashbacks1998/debugger/Debugger.hx:220: 6394	Source/org/flashbacks1998/world3d/shader/ShaderPipeline.hx:109 - Building vertex AGAL code from parts, count=2
Source/org/flashbacks1998/debugger/Debugger.hx:220: 6395	Source/org/flashbacks1998/world3d/shader/ShaderPipeline.hx:125 - Final vertex AGAL length=66
Source/org/flashbacks1998/debugger/Debugger.hx:220: 6396	Source/org/flashbacks1998/world3d/shader/ShaderPipeline.hx:81 - Building fragment AGAL code from parts, count=2
Source/org/flashbacks1998/debugger/Debugger.hx:220: 6396	Source/org/flashbacks1998/world3d/shader/ShaderPipeline.hx:88 - processing part: TClass([class TextureShaderPart]) [object TextureShaderPart] 0 0
Source/org/flashbacks1998/debugger/Debugger.hx:220: 6397	Source/org/flashbacks1998/world3d/shader/ShaderPipeline.hx:96 - append part fragment code: TClass([class TextureShaderPart])
Source/org/flashbacks1998/debugger/Debugger.hx:220: 6398	Source/org/flashbacks1998/world3d/shader/ShaderPipeline.hx:88 - processing part: TClass([class DiffuseColorShaderPart]) [object DiffuseColorShaderPart] 1 1
Source/org/flashbacks1998/debugger/Debugger.hx:220: 6398	Source/org/flashbacks1998/world3d/shader/ShaderPipeline.hx:96 - append part fragment code: TClass([class DiffuseColorShaderPart])
Source/org/flashbacks1998/debugger/Debugger.hx:220: 6399	Source/org/flashbacks1998/world3d/shader/ShaderPipeline.hx:104 - Final fragment AGAL length=112
Source/org/flashbacks1998/debugger/Debugger.hx:220: 6399	Source/org/flashbacks1998/world3d/shader/Shader3D.hx:81 - Vertex AGAL  m44 vt0, va0, vc0
mov op, vt0
mov v0, va0
mov v1, va1
mov v2, va2

Source/org/flashbacks1998/debugger/Debugger.hx:220: 6404	Source/org/flashbacks1998/world3d/shader/Shader3D.hx:83 - Vertex AGAL assembled (len=66)
Source/org/flashbacks1998/debugger/Debugger.hx:220: 6404	Source/org/flashbacks1998/world3d/shader/Shader3D.hx:93 - Fragment AGAL  tex ft0, v1, fs0 <2d,nearest,repeat>
sub ft1.w, ft0.w, fc0.x
kil ft1.w
mul ft0.xyz, ft0.xyz, v2.xyz
mov oc, ft0

Source/org/flashbacks1998/debugger/Debugger.hx:220: 6407	Source/org/flashbacks1998/world3d/shader/Shader3D.hx:95 - Fragment AGAL assembled (len=112)
Source/org/flashbacks1998/debugger/Debugger.hx:220: 6408	Source/org/flashbacks1998/world3d/shader/Shader3D.hx:106 - Program uploaded to GPU
Source/org/flashbacks1998/debugger/Debugger.hx:220: 6409	Source/org/flashbacks1998/scenes/SceneManager.hx:98 - scene RakeGameMain has sucessfully been loaded, cleaning up...
Source/org/flashbacks1998/debugger/Debugger.hx:220: 6410	Source/org/flashbacks1998/rake/Preloader.hx:285 - Preloader is done
Source/org/flashbacks1998/debugger/Debugger.hx:220: 6424	Source/org/flashbacks1998/rake/scenes/tests/SceneTestSR01.hx:209 - onAddedToStage: updating ui and playing background music
Source/org/flashbacks1998/debugger/Debugger.hx:220: 6740	Source/org/flashbacks1998/world3d/optimizers/TextureOptimizer.hx:42 - bmpd to opt 512 512 [object __ASSET__assets_textures_treeleaves_jpg]
Source/org/flashbacks1998/debugger/Debugger.hx:220: 6742	Source/org/flashbacks1998/world3d/optimizers/TextureOptimizer.hx:42 - bmpd to opt 256 256 [object __ASSET__assets_textures_tr_01_stem_autumn_001_mat_base_color_gif]
Source/org/flashbacks1998/debugger/Debugger.hx:220: 6748	Source/org/flashbacks1998/world3d/optimizers/TextureOptimizer.hx:122 - bmpd ret { height : 512, entries : [object ObjectMap], width : 1024, bitmapData : [object BitmapData] }
Source/org/flashbacks1998/debugger/Debugger.hx:220: 6749	Source/org/flashbacks1998/world3d/shader/ShaderPipeline.hx:44 - Created ShaderPipeline instance
Source/org/flashbacks1998/debugger/Debugger.hx:220: 6751	Source/org/flashbacks1998/world3d/World3D.hx:150 - add child [object Entity3D]
Source/org/flashbacks1998/debugger/Debugger.hx:220: 6752	Source/org/flashbacks1998/world3d/geom/Mesh3D.hx:79 - uploading... [object Context3D]
Source/org/flashbacks1998/debugger/Debugger.hx:220: 6753	Source/org/flashbacks1998/world3d/geom/Mesh3D.hx:117 - creating vertex buffer... 2321 11 211
Source/org/flashbacks1998/debugger/Debugger.hx:220: 6754	Source/org/flashbacks1998/world3d/geom/Mesh3D.hx:148 - creating index buffer... 1140
Source/org/flashbacks1998/debugger/Debugger.hx:220: 6754	Source/org/flashbacks1998/world3d/shader/ShaderPipeline.hx:138 - Uploading parts and building AGAL
Source/org/flashbacks1998/debugger/Debugger.hx:220: 6757	Source/org/flashbacks1998/world3d/shader/Shader3D.hx:55 - created and cached new texture
Source/org/flashbacks1998/debugger/Debugger.hx:220: 6757	Source/org/flashbacks1998/world3d/shader/parts/BayerishDitheringShaderPart.hx:173 - BayerishDitheringShaderPart upload [object Texture]
Source/org/flashbacks1998/debugger/Debugger.hx:220: 6758	Source/org/flashbacks1998/world3d/shader/ShaderPipeline.hx:109 - Building vertex AGAL code from parts, count=3
Source/org/flashbacks1998/debugger/Debugger.hx:220: 6759	Source/org/flashbacks1998/world3d/shader/ShaderPipeline.hx:119 - append part vertex code: TClass([class BayerishDitheringShaderPart])
Source/org/flashbacks1998/debugger/Debugger.hx:220: 6759	Source/org/flashbacks1998/world3d/shader/ShaderPipeline.hx:125 - Final vertex AGAL length=78
Source/org/flashbacks1998/debugger/Debugger.hx:220: 6760	Source/org/flashbacks1998/world3d/shader/ShaderPipeline.hx:81 - Building fragment AGAL code from parts, count=3
Source/org/flashbacks1998/debugger/Debugger.hx:220: 6760	Source/org/flashbacks1998/world3d/shader/ShaderPipeline.hx:88 - processing part: TClass([class TextureShaderPart]) [object TextureShaderPart] 0 0
Source/org/flashbacks1998/debugger/Debugger.hx:220: 6761	Source/org/flashbacks1998/world3d/shader/ShaderPipeline.hx:96 - append part fragment code: TClass([class TextureShaderPart])
Source/org/flashbacks1998/debugger/Debugger.hx:220: 6762	Source/org/flashbacks1998/world3d/shader/ShaderPipeline.hx:88 - processing part: TClass([class DiffuseColorShaderPart]) [object DiffuseColorShaderPart] 1 1
Source/org/flashbacks1998/debugger/Debugger.hx:220: 6763	Source/org/flashbacks1998/world3d/shader/ShaderPipeline.hx:96 - append part fragment code: TClass([class DiffuseColorShaderPart])
Source/org/flashbacks1998/debugger/Debugger.hx:220: 6763	Source/org/flashbacks1998/world3d/shader/ShaderPipeline.hx:88 - processing part: TClass([class BayerishDitheringShaderPart]) [object BayerishDitheringShaderPart] 1 1
Source/org/flashbacks1998/debugger/Debugger.hx:220: 6764	Source/org/flashbacks1998/world3d/shader/ShaderPipeline.hx:96 - append part fragment code: TClass([class BayerishDitheringShaderPart])
Source/org/flashbacks1998/debugger/Debugger.hx:220: 6765	Source/org/flashbacks1998/world3d/shader/ShaderPipeline.hx:104 - Final fragment AGAL length=707
Source/org/flashbacks1998/debugger/Debugger.hx:220: 6765	Source/org/flashbacks1998/world3d/shader/Shader3D.hx:73 - returning cached program
Source/org/flashbacks1998/debugger/Debugger.hx:220: 6957	Source/org/flashbacks1998/world3d/World3D.hx:150 - add child [object Entity3D]
Source/org/flashbacks1998/debugger/Debugger.hx:220: 6958	Source/org/flashbacks1998/world3d/geom/Mesh3D.hx:79 - uploading... [object Context3D]
Source/org/flashbacks1998/debugger/Debugger.hx:220: 6958	Source/org/flashbacks1998/world3d/geom/Mesh3D.hx:95 - Info: this Mesh3D already has a vertexBuffer assigned; skipping creation.
Source/org/flashbacks1998/debugger/Debugger.hx:220: 6959	Source/org/flashbacks1998/world3d/geom/Mesh3D.hx:98 - Info: this Mesh3D already has an indexBuffer assigned; skipping creation.
Source/org/flashbacks1998/debugger/Debugger.hx:220: 7595	Source/org/flashbacks1998/world3d/World3D.hx:150 - add child [object Entity3D]
Source/org/flashbacks1998/debugger/Debugger.hx:220: 7596	Source/org/flashbacks1998/world3d/geom/Mesh3D.hx:79 - uploading... [object Context3D]
Source/org/flashbacks1998/debugger/Debugger.hx:220: 7597	Source/org/flashbacks1998/world3d/geom/Mesh3D.hx:95 - Info: this Mesh3D already has a vertexBuffer assigned; skipping creation.
Source/org/flashbacks1998/debugger/Debugger.hx:220: 7597	Source/org/flashbacks1998/world3d/geom/Mesh3D.hx:98 - Info: this Mesh3D already has an indexBuffer assigned; skipping creation.
Source/org/flashbacks1998/debugger/Debugger.hx:220: 8265	Source/org/flashbacks1998/world3d/World3D.hx:150 - add child [object Entity3D]
Source/org/flashbacks1998/debugger/Debugger.hx:220: 8267	Source/org/flashbacks1998/world3d/geom/Mesh3D.hx:79 - uploading... [object Context3D]
Source/org/flashbacks1998/debugger/Debugger.hx:220: 8268	Source/org/flashbacks1998/world3d/geom/Mesh3D.hx:95 - Info: this Mesh3D already has a vertexBuffer assigned; skipping creation.
Source/org/flashbacks1998/debugger/Debugger.hx:220: 8270	Source/org/flashbacks1998/world3d/geom/Mesh3D.hx:98 - Info: this Mesh3D already has an indexBuffer assigned; skipping creation.
Source/org/flashbacks1998/debugger/Debugger.hx:220: 8918	Source/org/flashbacks1998/world3d/World3D.hx:150 - add child [object Entity3D]
Source/org/flashbacks1998/debugger/Debugger.hx:220: 8920	Source/org/flashbacks1998/world3d/geom/Mesh3D.hx:79 - uploading... [object Context3D]
Source/org/flashbacks1998/debugger/Debugger.hx:220: 8921	Source/org/flashbacks1998/world3d/geom/Mesh3D.hx:95 - Info: this Mesh3D already has a vertexBuffer assigned; skipping creation.
Source/org/flashbacks1998/debugger/Debugger.hx:220: 8922	Source/org/flashbacks1998/world3d/geom/Mesh3D.hx:98 - Info: this Mesh3D already has an indexBuffer assigned; skipping creation.
Source/org/flashbacks1998/debugger/Debugger.hx:220: 9560	Source/org/flashbacks1998/world3d/World3D.hx:150 - add child [object Entity3D]
Source/org/flashbacks1998/debugger/Debugger.hx:220: 9561	Source/org/flashbacks1998/world3d/geom/Mesh3D.hx:79 - uploading... [object Context3D]
Source/org/flashbacks1998/debugger/Debugger.hx:220: 9562	Source/org/flashbacks1998/world3d/geom/Mesh3D.hx:95 - Info: this Mesh3D already has a vertexBuffer assigned; skipping creation.
Source/org/flashbacks1998/debugger/Debugger.hx:220: 9563	Source/org/flashbacks1998/world3d/geom/Mesh3D.hx:98 - Info: this Mesh3D already has an indexBuffer assigned; skipping creation.
Source/org/flashbacks1998/debugger/Debugger.hx:220: 10218	Source/org/flashbacks1998/world3d/World3D.hx:150 - add child [object Entity3D]
Source/org/flashbacks1998/debugger/Debugger.hx:220: 10219	Source/org/flashbacks1998/world3d/geom/Mesh3D.hx:79 - uploading... [object Context3D]
Source/org/flashbacks1998/debugger/Debugger.hx:220: 10221	Source/org/flashbacks1998/world3d/geom/Mesh3D.hx:95 - Info: this Mesh3D already has a vertexBuffer assigned; skipping creation.
Source/org/flashbacks1998/debugger/Debugger.hx:220: 10222	Source/org/flashbacks1998/world3d/geom/Mesh3D.hx:98 - Info: this Mesh3D already has an indexBuffer assigned; skipping creation.
Source/org/flashbacks1998/debugger/Debugger.hx:220: 10841	Source/org/flashbacks1998/world3d/World3D.hx:150 - add child [object Entity3D]
Source/org/flashbacks1998/debugger/Debugger.hx:220: 10843	Source/org/flashbacks1998/world3d/geom/Mesh3D.hx:79 - uploading... [object Context3D]
Source/org/flashbacks1998/debugger/Debugger.hx:220: 10843	Source/org/flashbacks1998/world3d/geom/Mesh3D.hx:95 - Info: this Mesh3D already has a vertexBuffer assigned; skipping creation.
Source/org/flashbacks1998/debugger/Debugger.hx:220: 10844	Source/org/flashbacks1998/world3d/geom/Mesh3D.hx:98 - Info: this Mesh3D already has an indexBuffer assigned; skipping creation.
Source/org/flashbacks1998/debugger/Debugger.hx:220: 11495	Source/org/flashbacks1998/world3d/World3D.hx:150 - add child [object Entity3D]
Source/org/flashbacks1998/debugger/Debugger.hx:220: 11496	Source/org/flashbacks1998/world3d/geom/Mesh3D.hx:79 - uploading... [object Context3D]
Source/org/flashbacks1998/debugger/Debugger.hx:220: 11497	Source/org/flashbacks1998/world3d/geom/Mesh3D.hx:95 - Info: this Mesh3D already has a vertexBuffer assigned; skipping creation.
Source/org/flashbacks1998/debugger/Debugger.hx:220: 11498	Source/org/flashbacks1998/world3d/geom/Mesh3D.hx:98 - Info: this Mesh3D already has an indexBuffer assigned; skipping creation.
Source/org/flashbacks1998/debugger/Debugger.hx:220: 12153	Source/org/flashbacks1998/world3d/World3D.hx:150 - add child [object Entity3D]
Source/org/flashbacks1998/debugger/Debugger.hx:220: 12155	Source/org/flashbacks1998/world3d/geom/Mesh3D.hx:79 - uploading... [object Context3D]
Source/org/flashbacks1998/debugger/Debugger.hx:220: 12156	Source/org/flashbacks1998/world3d/geom/Mesh3D.hx:95 - Info: this Mesh3D already has a vertexBuffer assigned; skipping creation.
Source/org/flashbacks1998/debugger/Debugger.hx:220: 12157	Source/org/flashbacks1998/world3d/geom/Mesh3D.hx:98 - Info: this Mesh3D already has an indexBuffer assigned; skipping creation.
Source/org/flashbacks1998/debugger/Debugger.hx:220: 12792	Source/org/flashbacks1998/world3d/World3D.hx:150 - add child [object Entity3D]
Source/org/flashbacks1998/debugger/Debugger.hx:220: 12794	Source/org/flashbacks1998/world3d/geom/Mesh3D.hx:79 - uploading... [object Context3D]
Source/org/flashbacks1998/debugger/Debugger.hx:220: 12795	Source/org/flashbacks1998/world3d/geom/Mesh3D.hx:95 - Info: this Mesh3D already has a vertexBuffer assigned; skipping creation.
Source/org/flashbacks1998/debugger/Debugger.hx:220: 12797	Source/org/flashbacks1998/world3d/geom/Mesh3D.hx:98 - Info: this Mesh3D already has an indexBuffer assigned; skipping creation.
Source/org/flashbacks1998/debugger/Debugger.hx:220: 13451	Source/org/flashbacks1998/world3d/World3D.hx:150 - add child [object Entity3D]
Source/org/flashbacks1998/debugger/Debugger.hx:220: 13453	Source/org/flashbacks1998/world3d/geom/Mesh3D.hx:79 - uploading... [object Context3D]
Source/org/flashbacks1998/debugger/Debugger.hx:220: 13454	Source/org/flashbacks1998/world3d/geom/Mesh3D.hx:95 - Info: this Mesh3D already has a vertexBuffer assigned; skipping creation.
Source/org/flashbacks1998/debugger/Debugger.hx:220: 13455	Source/org/flashbacks1998/world3d/geom/Mesh3D.hx:98 - Info: this Mesh3D already has an indexBuffer assigned; skipping creation.
Source/org/flashbacks1998/debugger/Debugger.hx:220: 14132	Source/org/flashbacks1998/world3d/World3D.hx:150 - add child [object Entity3D]
Source/org/flashbacks1998/debugger/Debugger.hx:220: 14133	Source/org/flashbacks1998/world3d/geom/Mesh3D.hx:79 - uploading... [object Context3D]
Source/org/flashbacks1998/debugger/Debugger.hx:220: 14134	Source/org/flashbacks1998/world3d/geom/Mesh3D.hx:95 - Info: this Mesh3D already has a vertexBuffer assigned; skipping creation.
Source/org/flashbacks1998/debugger/Debugger.hx:220: 14135	Source/org/flashbacks1998/world3d/geom/Mesh3D.hx:98 - Info: this Mesh3D already has an indexBuffer assigned; skipping creation.
Source/org/flashbacks1998/debugger/Debugger.hx:220: 14755	Source/org/flashbacks1998/world3d/World3D.hx:150 - add child [object Entity3D]
Source/org/flashbacks1998/debugger/Debugger.hx:220: 14756	Source/org/flashbacks1998/world3d/geom/Mesh3D.hx:79 - uploading... [object Context3D]
Source/org/flashbacks1998/debugger/Debugger.hx:220: 14757	Source/org/flashbacks1998/world3d/geom/Mesh3D.hx:95 - Info: this Mesh3D already has a vertexBuffer assigned; skipping creation.
Source/org/flashbacks1998/debugger/Debugger.hx:220: 14757	Source/org/flashbacks1998/world3d/geom/Mesh3D.hx:98 - Info: this Mesh3D already has an indexBuffer assigned; skipping creation.
Source/org/flashbacks1998/debugger/Debugger.hx:220: 15395	Source/org/flashbacks1998/world3d/World3D.hx:150 - add child [object Entity3D]
Source/org/flashbacks1998/debugger/Debugger.hx:220: 15397	Source/org/flashbacks1998/world3d/geom/Mesh3D.hx:79 - uploading... [object Context3D]
Source/org/flashbacks1998/debugger/Debugger.hx:220: 15398	Source/org/flashbacks1998/world3d/geom/Mesh3D.hx:95 - Info: this Mesh3D already has a vertexBuffer assigned; skipping creation.
Source/org/flashbacks1998/debugger/Debugger.hx:220: 15399	Source/org/flashbacks1998/world3d/geom/Mesh3D.hx:98 - Info: this Mesh3D already has an indexBuffer assigned; skipping creation.
Source/org/flashbacks1998/debugger/Debugger.hx:220: 16048	Source/org/flashbacks1998/world3d/World3D.hx:150 - add child [object Entity3D]
Source/org/flashbacks1998/debugger/Debugger.hx:220: 16049	Source/org/flashbacks1998/world3d/geom/Mesh3D.hx:79 - uploading... [object Context3D]
Source/org/flashbacks1998/debugger/Debugger.hx:220: 16050	Source/org/flashbacks1998/world3d/geom/Mesh3D.hx:95 - Info: this Mesh3D already has a vertexBuffer assigned; skipping creation.
Source/org/flashbacks1998/debugger/Debugger.hx:220: 16052	Source/org/flashbacks1998/world3d/geom/Mesh3D.hx:98 - Info: this Mesh3D already has an indexBuffer assigned; skipping creation.
Source/org/flashbacks1998/debugger/Debugger.hx:220: 16692	Source/org/flashbacks1998/world3d/World3D.hx:150 - add child [object Entity3D]
Source/org/flashbacks1998/debugger/Debugger.hx:220: 16693	Source/org/flashbacks1998/world3d/geom/Mesh3D.hx:79 - uploading... [object Context3D]
Source/org/flashbacks1998/debugger/Debugger.hx:220: 16693	Source/org/flashbacks1998/world3d/geom/Mesh3D.hx:95 - Info: this Mesh3D already has a vertexBuffer assigned; skipping creation.
Source/org/flashbacks1998/debugger/Debugger.hx:220: 16694	Source/org/flashbacks1998/world3d/geom/Mesh3D.hx:98 - Info: this Mesh3D already has an indexBuffer assigned; skipping creation.
Source/org/flashbacks1998/debugger/Debugger.hx:220: 16919	Source/org/flashbacks1998/rake/scenes/tests/SceneTestSR01.hx:665 - Rake mode toggled, new state:  true
Source/org/flashbacks1998/debugger/Debugger.hx:220: 16920	Source/org/flashbacks1998/rake/scenes/tests/SceneTestSR01.hx:673 - Enabling rake mode: showing rake and adding physics body
Source/org/flashbacks1998/debugger/Debugger.hx:220: 17344	Source/org/flashbacks1998/world3d/World3D.hx:150 - add child [object Entity3D]
Source/org/flashbacks1998/debugger/Debugger.hx:220: 17346	Source/org/flashbacks1998/world3d/geom/Mesh3D.hx:79 - uploading... [object Context3D]
Source/org/flashbacks1998/debugger/Debugger.hx:220: 17347	Source/org/flashbacks1998/world3d/geom/Mesh3D.hx:95 - Info: this Mesh3D already has a vertexBuffer assigned; skipping creation.
Source/org/flashbacks1998/debugger/Debugger.hx:220: 17348	Source/org/flashbacks1998/world3d/geom/Mesh3D.hx:98 - Info: this Mesh3D already has an indexBuffer assigned; skipping creation.
Source/org/flashbacks1998/debugger/Debugger.hx:220: 17997	Source/org/flashbacks1998/world3d/World3D.hx:150 - add child [object Entity3D]
Source/org/flashbacks1998/debugger/Debugger.hx:220: 17998	Source/org/flashbacks1998/world3d/geom/Mesh3D.hx:79 - uploading... [object Context3D]
Source/org/flashbacks1998/debugger/Debugger.hx:220: 17999	Source/org/flashbacks1998/world3d/geom/Mesh3D.hx:95 - Info: this Mesh3D already has a vertexBuffer assigned; skipping creation.
Source/org/flashbacks1998/debugger/Debugger.hx:220: 18001	Source/org/flashbacks1998/world3d/geom/Mesh3D.hx:98 - Info: this Mesh3D already has an indexBuffer assigned; skipping creation.
Source/org/flashbacks1998/debugger/Debugger.hx:220: 18650	Source/org/flashbacks1998/world3d/World3D.hx:150 - add child [object Entity3D]
Source/org/flashbacks1998/debugger/Debugger.hx:220: 18651	Source/org/flashbacks1998/world3d/geom/Mesh3D.hx:79 - uploading... [object Context3D]
Source/org/flashbacks1998/debugger/Debugger.hx:220: 18653	Source/org/flashbacks1998/world3d/geom/Mesh3D.hx:95 - Info: this Mesh3D already has a vertexBuffer assigned; skipping creation.
Source/org/flashbacks1998/debugger/Debugger.hx:220: 18654	Source/org/flashbacks1998/world3d/geom/Mesh3D.hx:98 - Info: this Mesh3D already has an indexBuffer assigned; skipping creation.
Source/org/flashbacks1998/debugger/Debugger.hx:220: 19026	Source/org/flashbacks1998/rake/scenes/tests/SceneTestSR01.hx:820 - onLeafSensorReached: score now 1100
Source/org/flashbacks1998/debugger/Debugger.hx:220: 19030	Source/org/flashbacks1998/world3d/World3D.hx:169 - remove child [object Entity3D]
Source/org/flashbacks1998/debugger/Debugger.hx:220: 19031	Source/org/flashbacks1998/rake/scenes/tests/SceneTestSR01.hx:820 - onLeafSensorReached: score now 1200
Source/org/flashbacks1998/debugger/Debugger.hx:220: 19033	Source/org/flashbacks1998/world3d/World3D.hx:169 - remove child [object Entity3D]
Source/org/flashbacks1998/debugger/Debugger.hx:220: 19056	Source/org/flashbacks1998/rake/scenes/tests/SceneTestSR01.hx:820 - onLeafSensorReached: score now 1300
Source/org/flashbacks1998/debugger/Debugger.hx:220: 19057	Source/org/flashbacks1998/world3d/World3D.hx:169 - remove child [object Entity3D]
Source/org/flashbacks1998/debugger/Debugger.hx:220: 19305	Source/org/flashbacks1998/world3d/World3D.hx:150 - add child [object Entity3D]
Source/org/flashbacks1998/debugger/Debugger.hx:220: 19307	Source/org/flashbacks1998/world3d/geom/Mesh3D.hx:79 - uploading... [object Context3D]
Source/org/flashbacks1998/debugger/Debugger.hx:220: 19308	Source/org/flashbacks1998/world3d/geom/Mesh3D.hx:95 - Info: this Mesh3D already has a vertexBuffer assigned; skipping creation.
Source/org/flashbacks1998/debugger/Debugger.hx:220: 19310	Source/org/flashbacks1998/world3d/geom/Mesh3D.hx:98 - Info: this Mesh3D already has an indexBuffer assigned; skipping creation.
Source/org/flashbacks1998/debugger/Debugger.hx:220: 19944	Source/org/flashbacks1998/world3d/World3D.hx:150 - add child [object Entity3D]
Source/org/flashbacks1998/debugger/Debugger.hx:220: 19945	Source/org/flashbacks1998/world3d/geom/Mesh3D.hx:79 - uploading... [object Context3D]
Source/org/flashbacks1998/debugger/Debugger.hx:220: 19946	Source/org/flashbacks1998/world3d/geom/Mesh3D.hx:95 - Info: this Mesh3D already has a vertexBuffer assigned; skipping creation.
Source/org/flashbacks1998/debugger/Debugger.hx:220: 19947	Source/org/flashbacks1998/world3d/geom/Mesh3D.hx:98 - Info: this Mesh3D already has an indexBuffer assigned; skipping creation.
Source/org/flashbacks1998/debugger/Debugger.hx:220: 20633	Source/org/flashbacks1998/world3d/World3D.hx:150 - add child [object Entity3D]
Source/org/flashbacks1998/debugger/Debugger.hx:220: 20636	Source/org/flashbacks1998/world3d/geom/Mesh3D.hx:79 - uploading... [object Context3D]
Source/org/flashbacks1998/debugger/Debugger.hx:220: 20638	Source/org/flashbacks1998/world3d/geom/Mesh3D.hx:95 - Info: this Mesh3D already has a vertexBuffer assigned; skipping creation.
Source/org/flashbacks1998/debugger/Debugger.hx:220: 20639	Source/org/flashbacks1998/world3d/geom/Mesh3D.hx:98 - Info: this Mesh3D already has an indexBuffer assigned; skipping creation.
Source/org/flashbacks1998/debugger/Debugger.hx:220: 20790	Source/org/flashbacks1998/rake/scenes/tests/SceneTestSR01.hx:820 - onLeafSensorReached: score now 1400
Source/org/flashbacks1998/debugger/Debugger.hx:220: 20791	Source/org/flashbacks1998/world3d/World3D.hx:169 - remove child [object Entity3D]
Source/org/flashbacks1998/debugger/Debugger.hx:220: 20792	Source/org/flashbacks1998/rake/scenes/tests/SceneTestSR01.hx:820 - onLeafSensorReached: score now 1500
Source/org/flashbacks1998/debugger/Debugger.hx:220: 20793	Source/org/flashbacks1998/world3d/World3D.hx:169 - remove child [object Entity3D]
Source/org/flashbacks1998/debugger/Debugger.hx:220: 20794	Source/org/flashbacks1998/rake/scenes/tests/SceneTestSR01.hx:820 - onLeafSensorReached: score now 1600
Source/org/flashbacks1998/debugger/Debugger.hx:220: 20795	Source/org/flashbacks1998/world3d/World3D.hx:169 - remove child [object Entity3D]
Source/org/flashbacks1998/debugger/Debugger.hx:220: 20823	Source/org/flashbacks1998/rake/scenes/tests/SceneTestSR01.hx:820 - onLeafSensorReached: score now 1700
Source/org/flashbacks1998/debugger/Debugger.hx:220: 20824	Source/org/flashbacks1998/world3d/World3D.hx:169 - remove child [object Entity3D]
Source/org/flashbacks1998/debugger/Debugger.hx:220: 20825	Source/org/flashbacks1998/rake/scenes/tests/SceneTestSR01.hx:820 - onLeafSensorReached: score now 1800
Source/org/flashbacks1998/debugger/Debugger.hx:220: 20826	Source/org/flashbacks1998/world3d/World3D.hx:169 - remove child [object Entity3D]
Source/org/flashbacks1998/debugger/Debugger.hx:220: 21242	Source/org/flashbacks1998/world3d/World3D.hx:150 - add child [object Entity3D]
Source/org/flashbacks1998/debugger/Debugger.hx:220: 21243	Source/org/flashbacks1998/world3d/geom/Mesh3D.hx:79 - uploading... [object Context3D]
Source/org/flashbacks1998/debugger/Debugger.hx:220: 21244	Source/org/flashbacks1998/world3d/geom/Mesh3D.hx:95 - Info: this Mesh3D already has a vertexBuffer assigned; skipping creation.
Source/org/flashbacks1998/debugger/Debugger.hx:220: 21245	Source/org/flashbacks1998/world3d/geom/Mesh3D.hx:98 - Info: this Mesh3D already has an indexBuffer assigned; skipping creation.
Source/org/flashbacks1998/debugger/Debugger.hx:220: 21897	Source/org/flashbacks1998/world3d/World3D.hx:150 - add child [object Entity3D]
Source/org/flashbacks1998/debugger/Debugger.hx:220: 21898	Source/org/flashbacks1998/world3d/geom/Mesh3D.hx:79 - uploading... [object Context3D]
Source/org/flashbacks1998/debugger/Debugger.hx:220: 21899	Source/org/flashbacks1998/world3d/geom/Mesh3D.hx:95 - Info: this Mesh3D already has a vertexBuffer assigned; skipping creation.
Source/org/flashbacks1998/debugger/Debugger.hx:220: 21900	Source/org/flashbacks1998/world3d/geom/Mesh3D.hx:98 - Info: this Mesh3D already has an indexBuffer assigned; skipping creation.
Source/org/flashbacks1998/debugger/Debugger.hx:220: 22550	Source/org/flashbacks1998/world3d/World3D.hx:150 - add child [object Entity3D]
Source/org/flashbacks1998/debugger/Debugger.hx:220: 22551	Source/org/flashbacks1998/world3d/geom/Mesh3D.hx:79 - uploading... [object Context3D]
Source/org/flashbacks1998/debugger/Debugger.hx:220: 22553	Source/org/flashbacks1998/world3d/geom/Mesh3D.hx:95 - Info: this Mesh3D already has a vertexBuffer assigned; skipping creation.
Source/org/flashbacks1998/debugger/Debugger.hx:220: 22554	Source/org/flashbacks1998/world3d/geom/Mesh3D.hx:98 - Info: this Mesh3D already has an indexBuffer assigned; skipping creation.
Source/org/flashbacks1998/debugger/Debugger.hx:220: 22958	Source/org/flashbacks1998/rake/scenes/tests/SceneTestSR01.hx:820 - onLeafSensorReached: score now 1900
Source/org/flashbacks1998/debugger/Debugger.hx:220: 22959	Source/org/flashbacks1998/world3d/World3D.hx:169 - remove child [object Entity3D]
Source/org/flashbacks1998/debugger/Debugger.hx:220: 22991	Source/org/flashbacks1998/rake/scenes/tests/SceneTestSR01.hx:820 - onLeafSensorReached: score now 2000
Source/org/flashbacks1998/debugger/Debugger.hx:220: 22992	Source/org/flashbacks1998/world3d/World3D.hx:169 - remove child [object Entity3D]
Source/org/flashbacks1998/debugger/Debugger.hx:220: 22993	Source/org/flashbacks1998/rake/scenes/tests/SceneTestSR01.hx:820 - onLeafSensorReached: score now 2100
Source/org/flashbacks1998/debugger/Debugger.hx:220: 22994	Source/org/flashbacks1998/world3d/World3D.hx:169 - remove child [object Entity3D]
Source/org/flashbacks1998/debugger/Debugger.hx:220: 23022	Source/org/flashbacks1998/rake/scenes/tests/SceneTestSR01.hx:820 - onLeafSensorReached: score now 2200
Source/org/flashbacks1998/debugger/Debugger.hx:220: 23024	Source/org/flashbacks1998/world3d/World3D.hx:169 - remove child [object Entity3D]
Source/org/flashbacks1998/debugger/Debugger.hx:220: 23192	Source/org/flashbacks1998/world3d/World3D.hx:150 - add child [object Entity3D]
Source/org/flashbacks1998/debugger/Debugger.hx:220: 23193	Source/org/flashbacks1998/world3d/geom/Mesh3D.hx:79 - uploading... [object Context3D]
Source/org/flashbacks1998/debugger/Debugger.hx:220: 23194	Source/org/flashbacks1998/world3d/geom/Mesh3D.hx:95 - Info: this Mesh3D already has a vertexBuffer assigned; skipping creation.
Source/org/flashbacks1998/debugger/Debugger.hx:220: 23195	Source/org/flashbacks1998/world3d/geom/Mesh3D.hx:98 - Info: this Mesh3D already has an indexBuffer assigned; skipping creation.
Source/org/flashbacks1998/debugger/Debugger.hx:220: 23874	Source/org/flashbacks1998/world3d/World3D.hx:150 - add child [object Entity3D]
Source/org/flashbacks1998/debugger/Debugger.hx:220: 23875	Source/org/flashbacks1998/world3d/geom/Mesh3D.hx:79 - uploading... [object Context3D]
Source/org/flashbacks1998/debugger/Debugger.hx:220: 23876	Source/org/flashbacks1998/world3d/geom/Mesh3D.hx:95 - Info: this Mesh3D already has a vertexBuffer assigned; skipping creation.
Source/org/flashbacks1998/debugger/Debugger.hx:220: 23877	Source/org/flashbacks1998/world3d/geom/Mesh3D.hx:98 - Info: this Mesh3D already has an indexBuffer assigned; skipping creation.
Source/org/flashbacks1998/debugger/Debugger.hx:220: 24529	Source/org/flashbacks1998/world3d/World3D.hx:150 - add child [object Entity3D]
Source/org/flashbacks1998/debugger/Debugger.hx:220: 24531	Source/org/flashbacks1998/world3d/geom/Mesh3D.hx:79 - uploading... [object Context3D]
Source/org/flashbacks1998/debugger/Debugger.hx:220: 24531	Source/org/flashbacks1998/world3d/geom/Mesh3D.hx:95 - Info: this Mesh3D already has a vertexBuffer assigned; skipping creation.
Source/org/flashbacks1998/debugger/Debugger.hx:220: 24534	Source/org/flashbacks1998/world3d/geom/Mesh3D.hx:98 - Info: this Mesh3D already has an indexBuffer assigned; skipping creation.
Source/org/flashbacks1998/debugger/Debugger.hx:220: 25163	Source/org/flashbacks1998/world3d/World3D.hx:150 - add child [object Entity3D]
Source/org/flashbacks1998/debugger/Debugger.hx:220: 25166	Source/org/flashbacks1998/world3d/geom/Mesh3D.hx:79 - uploading... [object Context3D]
Source/org/flashbacks1998/debugger/Debugger.hx:220: 25166	Source/org/flashbacks1998/world3d/geom/Mesh3D.hx:95 - Info: this Mesh3D already has a vertexBuffer assigned; skipping creation.
Source/org/flashbacks1998/debugger/Debugger.hx:220: 25167	Source/org/flashbacks1998/world3d/geom/Mesh3D.hx:98 - Info: this Mesh3D already has an indexBuffer assigned; skipping creation.
Source/org/flashbacks1998/debugger/Debugger.hx:220: 25817	Source/org/flashbacks1998/world3d/World3D.hx:150 - add child [object Entity3D]
Source/org/flashbacks1998/debugger/Debugger.hx:220: 25819	Source/org/flashbacks1998/world3d/geom/Mesh3D.hx:79 - uploading... [object Context3D]
Source/org/flashbacks1998/debugger/Debugger.hx:220: 25820	Source/org/flashbacks1998/world3d/geom/Mesh3D.hx:95 - Info: this Mesh3D already has a vertexBuffer assigned; skipping creation.
Source/org/flashbacks1998/debugger/Debugger.hx:220: 25822	Source/org/flashbacks1998/world3d/geom/Mesh3D.hx:98 - Info: this Mesh3D already has an indexBuffer assigned; skipping creation.
Source/org/flashbacks1998/debugger/Debugger.hx:220: 26458	Source/org/flashbacks1998/world3d/World3D.hx:150 - add child [object Entity3D]
Source/org/flashbacks1998/debugger/Debugger.hx:220: 26459	Source/org/flashbacks1998/world3d/geom/Mesh3D.hx:79 - uploading... [object Context3D]
Source/org/flashbacks1998/debugger/Debugger.hx:220: 26460	Source/org/flashbacks1998/world3d/geom/Mesh3D.hx:95 - Info: this Mesh3D already has a vertexBuffer assigned; skipping creation.
Source/org/flashbacks1998/debugger/Debugger.hx:220: 26461	Source/org/flashbacks1998/world3d/geom/Mesh3D.hx:98 - Info: this Mesh3D already has an indexBuffer assigned; skipping creation.
